[36mvite v5.4.21 [32mbuilding for production...[36m[39m
transforming...
[32mΓ£ô[39m 15 modules transformed.
node.exe : [31mx[39m Build failed in 539ms
At C:\Program Files\nodejs\npx.ps1:29 char:3
+   & $NODE_EXE $NPX_CLI_JS $args
+   ~~~~~~~~~~~~~~~~~~~~~~~~~~~~~
    + CategoryInfo          : NotSpecified: ([31mx[39m Build failed 
    in 539ms:String) [], RemoteException
    + FullyQualifiedErrorId : NativeCommandError
 
[31merror during build:
[31m[vite:esbuild] Transform failed with 1 error:
C:/Users/terli/Documents/Gamethon/human-patch-game/src/levels/Level4.j
sx:936:0: ERROR: Unexpected "}"[31m
file: [36mC:/Users/terli/Documents/Gamethon/human-patch-game/src/leve
ls/Level4.jsx:936:0[31m
[33m
[33mUnexpected "}"[33m
934|  
935|      return null;
936|  };
   |  ^
937|  
938|  export default Level4;
[31m
    at failureErrorWithLog (C:\Users\terli\Documents\Gamethon\human-pa
tch-game\node_modules\esbuild\lib\main.js:1472:15)
    at C:\Users\terli\Documents\Gamethon\human-patch-game\node_modules
\esbuild\lib\main.js:755:50
    at responseCallbacks.<computed> (C:\Users\terli\Documents\Gamethon
\human-patch-game\node_modules\esbuild\lib\main.js:622:9)
    at handleIncomingPacket (C:\Users\terli\Documents\Gamethon\human-p
atch-game\node_modules\esbuild\lib\main.js:677:12)
    at Socket.readFromStdout (C:\Users\terli\Documents\Gamethon\human-
patch-game\node_modules\esbuild\lib\main.js:600:7)
    at Socket.emit (node:events:518:28)
    at addChunk (node:internal/streams/readable:561:12)
    at readableAddChunkPushByteMode 
(node:internal/streams/readable:512:3)
    at Readable.push (node:internal/streams/readable:392:5)
    at Pipe.onStreamRead 
(node:internal/stream_base_commons:189:23)[39m
